[WORKER] ワーカー起動。未処理ジョブのチェック中...
📡 [LISTEN開始/再接続]
[WORKER] LISTEN接続失敗(再試行): ConnectionRefusedError
📡 [LISTEN開始/再接続]
[WORKER] ジョブ検知・処理開始: Job ID=127, Kind=start, Thread=e5a-1791458934-0-2026-10
[WORKER] ジョブ完了: Job ID=127
📡 [LISTEN開始/再接続]
[WORKER] ジョブ検知・処理開始: Job ID=128, Kind=start, Thread=e5a-1791458934-1-2026-10
[WORKER] ジョブ完了: Job ID=128
📡 [LISTEN開始/再接続]
[WORKER] ジョブ検知・処理開始: Job ID=129, Kind=start, Thread=e5a-1791458934-2-2026-10
[WORKER] ジョブ完了: Job ID=129
[WORKER] LISTEN接続失敗(再試行): ConnectionRefusedError
[WORKER] DBエラー(次の周期に再試行): ConnectionTimeout
[WORKER] LISTEN接続失敗(再試行): ConnectionRefusedError
[WORKER] DBエラー(次の周期に再試行): ConnectionTimeout
📡 [LISTEN開始/再接続]

⚡ [NOTIFY受信] チャンネル: job_created, Job ID: 130
[WORKER] ジョブ検知・処理開始: Job ID=130, Kind=start, Thread=e5b-1791458934-after-2026-10
[WORKER] ジョブ完了: Job ID=130
